// Jest Snapshot v1, https://goo.gl/fbAQLP

exports[`<ServiceHistory/> snapshot oof ServiceComponent 1`] = `
<section
  id="service_header"
>
  <ul />
</section>
`;
